DEBUG:root:Debugggggg
2024-04-23 15:58:16,037:DEBUG:Debugggggg
2024-04-23 16:28:27,164:DEBUG:Debugggggg
